// Jest Snapshot v1, https://goo.gl/fbAQLP

exports[`EnemyPreview renders correctly 1`] = `
Array [
  .c0 {
  color: red;
  margin: 0;
  padding: 0;
  background: none;
  border-style: none;
  font-size: 110%;
  position: relative;
  left: 285px;
  top: 35px;
  z-index: 100;
}

<button
    className="c0"
    id={5}
    onClick={[Function]}
  >
    âœ•
  </button>,
  .c1 {
  color: green;
  background: lightgreen;
  border-style: none;
  grid-column: span 3;
  border-radius: 5px;
  padding: 5px 20px;
  margin: 0;
  width: -webkit-fit-content;
  width: -moz-fit-content;
  width: fit-content;
  justify-self: center;
}

.c0 {
  font-size: 80%;
  margin: 0 20px;
  padding: 20px;
  display: grid;
  grid-gap: 5px 20px;
  -webkit-box-pack: justify;
  -webkit-justify-content: space-between;
  -ms-flex-pack: justify;
  justify-content: space-between;
  grid-template-columns: 1fr 2fr 2fr;
  background: hsla(208,40%,28%,1);
  background: linear-gradient( 180deg,hsla(208,40%,28%,1) 0%,hsla(208,40%,23%,1) 51%,hsla(207,38%,18%,1) 100% ) fixed no-repeat;
  color: white;
  border-radius: 5px;
  box-shadow: 4px 4px 6px rgba(8,15,21,0.3);
}

.c0 h1 {
  grid-row: span 2;
  -webkit-align-self: center;
  -ms-flex-item-align: center;
  align-self: center;
}

.c0 h2 {
  grid-column: span 2;
  margin: 0;
  font-size: 140%;
  word-break: break-word;
}

.c0 p {
  margin: 0;
}

<div
    className="c0"
  >
    <h1>
      20
    </h1>
    <h2>
      Enemy 1
    </h2>
    <p>
      HP: 
      50
      /
      50
    </p>
    <p>
      AC: 
      17
    </p>
    <button
      className="c1"
      onClick={[Function]}
    >
      Edit
    </button>
  </div>,
]
`;
