// Jest Snapshot v1, https://goo.gl/fbAQLP

exports[`PlayerEntry renders correctly 1`] = `
.c0 {
  margin: 20px;
  padding: 20px;
  display: grid;
  grid-template-columns: 1fr 3fr;
  background: linear-gradient( 180deg,hsla(208,40%,28%,1) 0%,hsla(208,40%,23%,1) 51%,hsla(207,38%,18%,1) 100% ) fixed no-repeat;
  color: white;
  border-radius: 5px;
  box-shadow: 4px 4px 6px rgba(8,15,21,0.3);
}

.c0 h1 {
  grid-row: span 2;
  -webkit-align-self: center;
  -ms-flex-item-align: center;
  align-self: center;
}

.c0 h2 {
  margin: 0;
  font-size: 140%;
}

.c0 p {
  -webkit-align-self: center;
  -ms-flex-item-align: center;
  align-self: center;
  margin: 0;
}

<div
  className="c0"
>
  <h1>
    20
  </h1>
  <h2>
    Player 1
  </h2>
  <p>
    AC: 
    17
  </p>
</div>
`;
